// Jest Snapshot v1, https://goo.gl/fbAQLP

exports[`<Compass /> Matches Snapshot 1`] = `
<Compass
  setVisibility={[Function]}
>
  <div
    className="Compass"
  >
    <div
      className="Compass__Cardinal-direction"
    >
      <h1
        className="Compass__Cardinal"
        style={
          Object {
            "left": "50%",
          }
        }
      >
        E
      </h1>
      <h1
        className="Compass__Cardinal dot"
        style={
          Object {
            "left": "16.25%",
          }
        }
      >
        .
      </h1>
      <h1
        className="Compass__Cardinal"
        style={
          Object {
            "left": "-17.5%",
          }
        }
      >
        N
      </h1>
      <h1
        className="Compass__Cardinal dot"
        style={
          Object {
            "left": "-51.25%",
          }
        }
      >
        .
      </h1>
      <h1
        className="Compass__Cardinal"
        style={
          Object {
            "left": "185%",
          }
        }
      >
        W
      </h1>
      <h1
        className="Compass__Cardinal dot"
        style={
          Object {
            "left": "151.25%",
          }
        }
      >
        .
      </h1>
      <h1
        className="Compass__Cardinal"
        style={
          Object {
            "left": "117.5%",
          }
        }
      >
        S
      </h1>
      <h1
        className="Compass__Cardinal dot"
        style={
          Object {
            "left": "83.75%",
          }
        }
      >
        .
      </h1>
      <h1
        className="Compass__Cardinal"
        style={
          Object {
            "left": "50%",
          }
        }
      >
        E
      </h1>
      <h1
        className="Compass__Cardinal dot"
        style={
          Object {
            "left": "16.25%",
          }
        }
      >
        .
      </h1>
      <h1
        className="Compass__Cardinal"
        style={
          Object {
            "left": "-17.5%",
          }
        }
      >
        N
      </h1>
      <h1
        className="Compass__Cardinal dot"
        style={
          Object {
            "left": "-51.25%",
          }
        }
      >
        .
      </h1>
      <h1
        className="Compass__Cardinal"
        style={
          Object {
            "left": "-85%",
          }
        }
      >
        W
      </h1>
      <h1
        className="Compass__Cardinal dot"
        style={
          Object {
            "left": "-118.75%",
          }
        }
      >
        .
      </h1>
      <h1
        className="Compass__Cardinal"
        style={
          Object {
            "left": "-152.5%",
          }
        }
      >
        S
      </h1>
      <h1
        className="Compass__Cardinal dot"
        style={
          Object {
            "left": "-186.25%",
          }
        }
      >
        .
      </h1>
    </div>
  </div>
</Compass>
`;

exports[`<Compass /> Matches Snapshot 2`] = `
<Compass
  setVisibility={[Function]}
>
  <div
    className="Compass"
  >
    <div
      className="Compass__Cardinal-direction"
    >
      <h1
        className="Compass__Cardinal"
        style={
          Object {
            "left": "117.5%",
          }
        }
      >
        E
      </h1>
      <h1
        className="Compass__Cardinal dot"
        style={
          Object {
            "left": "83.75%",
          }
        }
      >
        .
      </h1>
      <h1
        className="Compass__Cardinal"
        style={
          Object {
            "left": "50%",
          }
        }
      >
        N
      </h1>
      <h1
        className="Compass__Cardinal dot"
        style={
          Object {
            "left": "16.25%",
          }
        }
      >
        .
      </h1>
      <h1
        className="Compass__Cardinal"
        style={
          Object {
            "left": "-17.5%",
          }
        }
      >
        W
      </h1>
      <h1
        className="Compass__Cardinal dot"
        style={
          Object {
            "left": "-51.25%",
          }
        }
      >
        .
      </h1>
      <h1
        className="Compass__Cardinal"
        style={
          Object {
            "left": "185%",
          }
        }
      >
        S
      </h1>
      <h1
        className="Compass__Cardinal dot"
        style={
          Object {
            "left": "151.25%",
          }
        }
      >
        .
      </h1>
      <h1
        className="Compass__Cardinal"
        style={
          Object {
            "left": "117.5%",
          }
        }
      >
        E
      </h1>
      <h1
        className="Compass__Cardinal dot"
        style={
          Object {
            "left": "83.75%",
          }
        }
      >
        .
      </h1>
      <h1
        className="Compass__Cardinal"
        style={
          Object {
            "left": "50%",
          }
        }
      >
        N
      </h1>
      <h1
        className="Compass__Cardinal dot"
        style={
          Object {
            "left": "16.25%",
          }
        }
      >
        .
      </h1>
      <h1
        className="Compass__Cardinal"
        style={
          Object {
            "left": "-17.5%",
          }
        }
      >
        W
      </h1>
      <h1
        className="Compass__Cardinal dot"
        style={
          Object {
            "left": "-51.25%",
          }
        }
      >
        .
      </h1>
      <h1
        className="Compass__Cardinal"
        style={
          Object {
            "left": "-85%",
          }
        }
      >
        S
      </h1>
      <h1
        className="Compass__Cardinal dot"
        style={
          Object {
            "left": "-118.75%",
          }
        }
      >
        .
      </h1>
    </div>
  </div>
</Compass>
`;

exports[`<Compass /> Matches Snapshot 3`] = `
<Compass
  setVisibility={[Function]}
>
  <div
    className="Compass"
  >
    <div
      className="Compass__Cardinal-direction"
    >
      <h1
        className="Compass__Cardinal"
        style={
          Object {
            "left": "185%",
          }
        }
      >
        E
      </h1>
      <h1
        className="Compass__Cardinal dot"
        style={
          Object {
            "left": "151.25%",
          }
        }
      >
        .
      </h1>
      <h1
        className="Compass__Cardinal"
        style={
          Object {
            "left": "117.5%",
          }
        }
      >
        N
      </h1>
      <h1
        className="Compass__Cardinal dot"
        style={
          Object {
            "left": "83.75%",
          }
        }
      >
        .
      </h1>
      <h1
        className="Compass__Cardinal"
        style={
          Object {
            "left": "50%",
          }
        }
      >
        W
      </h1>
      <h1
        className="Compass__Cardinal dot"
        style={
          Object {
            "left": "16.25%",
          }
        }
      >
        .
      </h1>
      <h1
        className="Compass__Cardinal"
        style={
          Object {
            "left": "-17.5%",
          }
        }
      >
        S
      </h1>
      <h1
        className="Compass__Cardinal dot"
        style={
          Object {
            "left": "-51.25%",
          }
        }
      >
        .
      </h1>
      <h1
        className="Compass__Cardinal"
        style={
          Object {
            "left": "185%",
          }
        }
      >
        E
      </h1>
      <h1
        className="Compass__Cardinal dot"
        style={
          Object {
            "left": "151.25%",
          }
        }
      >
        .
      </h1>
      <h1
        className="Compass__Cardinal"
        style={
          Object {
            "left": "117.5%",
          }
        }
      >
        N
      </h1>
      <h1
        className="Compass__Cardinal dot"
        style={
          Object {
            "left": "83.75%",
          }
        }
      >
        .
      </h1>
      <h1
        className="Compass__Cardinal"
        style={
          Object {
            "left": "50%",
          }
        }
      >
        W
      </h1>
      <h1
        className="Compass__Cardinal dot"
        style={
          Object {
            "left": "16.25%",
          }
        }
      >
        .
      </h1>
      <h1
        className="Compass__Cardinal"
        style={
          Object {
            "left": "-17.5%",
          }
        }
      >
        S
      </h1>
      <h1
        className="Compass__Cardinal dot"
        style={
          Object {
            "left": "-51.25%",
          }
        }
      >
        .
      </h1>
    </div>
  </div>
</Compass>
`;

exports[`<Compass /> Matches Snapshot 4`] = `
<Compass
  setVisibility={[Function]}
>
  <div
    className="Compass"
  >
    <div
      className="Compass__Cardinal-direction"
    >
      <h1
        className="Compass__Cardinal"
        style={
          Object {
            "left": "252.5%",
          }
        }
      >
        E
      </h1>
      <h1
        className="Compass__Cardinal dot"
        style={
          Object {
            "left": "218.75%",
          }
        }
      >
        .
      </h1>
      <h1
        className="Compass__Cardinal"
        style={
          Object {
            "left": "185%",
          }
        }
      >
        N
      </h1>
      <h1
        className="Compass__Cardinal dot"
        style={
          Object {
            "left": "151.25%",
          }
        }
      >
        .
      </h1>
      <h1
        className="Compass__Cardinal"
        style={
          Object {
            "left": "117.5%",
          }
        }
      >
        W
      </h1>
      <h1
        className="Compass__Cardinal dot"
        style={
          Object {
            "left": "83.75%",
          }
        }
      >
        .
      </h1>
      <h1
        className="Compass__Cardinal"
        style={
          Object {
            "left": "50%",
          }
        }
      >
        S
      </h1>
      <h1
        className="Compass__Cardinal dot"
        style={
          Object {
            "left": "16.25%",
          }
        }
      >
        .
      </h1>
      <h1
        className="Compass__Cardinal"
        style={
          Object {
            "left": "-17.5%",
          }
        }
      >
        E
      </h1>
      <h1
        className="Compass__Cardinal dot"
        style={
          Object {
            "left": "-51.25%",
          }
        }
      >
        .
      </h1>
      <h1
        className="Compass__Cardinal"
        style={
          Object {
            "left": "185%",
          }
        }
      >
        N
      </h1>
      <h1
        className="Compass__Cardinal dot"
        style={
          Object {
            "left": "151.25%",
          }
        }
      >
        .
      </h1>
      <h1
        className="Compass__Cardinal"
        style={
          Object {
            "left": "117.5%",
          }
        }
      >
        W
      </h1>
      <h1
        className="Compass__Cardinal dot"
        style={
          Object {
            "left": "83.75%",
          }
        }
      >
        .
      </h1>
      <h1
        className="Compass__Cardinal"
        style={
          Object {
            "left": "50%",
          }
        }
      >
        S
      </h1>
      <h1
        className="Compass__Cardinal dot"
        style={
          Object {
            "left": "16.25%",
          }
        }
      >
        .
      </h1>
    </div>
  </div>
</Compass>
`;

exports[`<Compass /> Matches Snapshot 5`] = `
<Compass
  setVisibility={[Function]}
>
  <div
    className="Compass"
  >
    <div
      className="Compass__Cardinal-direction"
    >
      <h1
        className="Compass__Cardinal"
        style={
          Object {
            "left": "50%",
          }
        }
      >
        E
      </h1>
      <h1
        className="Compass__Cardinal dot"
        style={
          Object {
            "left": "16.25%",
          }
        }
      >
        .
      </h1>
      <h1
        className="Compass__Cardinal"
        style={
          Object {
            "left": "-17.5%",
          }
        }
      >
        N
      </h1>
      <h1
        className="Compass__Cardinal dot"
        style={
          Object {
            "left": "-51.25%",
          }
        }
      >
        .
      </h1>
      <h1
        className="Compass__Cardinal"
        style={
          Object {
            "left": "185%",
          }
        }
      >
        W
      </h1>
      <h1
        className="Compass__Cardinal dot"
        style={
          Object {
            "left": "151.25%",
          }
        }
      >
        .
      </h1>
      <h1
        className="Compass__Cardinal"
        style={
          Object {
            "left": "117.5%",
          }
        }
      >
        S
      </h1>
      <h1
        className="Compass__Cardinal dot"
        style={
          Object {
            "left": "83.75%",
          }
        }
      >
        .
      </h1>
      <h1
        className="Compass__Cardinal"
        style={
          Object {
            "left": "50%",
          }
        }
      >
        E
      </h1>
      <h1
        className="Compass__Cardinal dot"
        style={
          Object {
            "left": "16.25%",
          }
        }
      >
        .
      </h1>
      <h1
        className="Compass__Cardinal"
        style={
          Object {
            "left": "-17.5%",
          }
        }
      >
        N
      </h1>
      <h1
        className="Compass__Cardinal dot"
        style={
          Object {
            "left": "-51.25%",
          }
        }
      >
        .
      </h1>
      <h1
        className="Compass__Cardinal"
        style={
          Object {
            "left": "-85%",
          }
        }
      >
        W
      </h1>
      <h1
        className="Compass__Cardinal dot"
        style={
          Object {
            "left": "-118.75%",
          }
        }
      >
        .
      </h1>
      <h1
        className="Compass__Cardinal"
        style={
          Object {
            "left": "-152.5%",
          }
        }
      >
        S
      </h1>
      <h1
        className="Compass__Cardinal dot"
        style={
          Object {
            "left": "-186.25%",
          }
        }
      >
        .
      </h1>
    </div>
  </div>
</Compass>
`;
